\BOOKMARK [1][-]{section.1}{\376\377\000S\000k\000i\000l\000l\000\040\000a\000n\000d\000\040\000A\000g\000e\000n\000t\000\040\000A\000r\000c\000h\000i\000t\000e\000c\000t\000u\000r\000e\000\040\000i\000n\000\040\000C\000l\000a\000u\000d\000e\000\040\000C\000o\000d\000e}{}% 1
\BOOKMARK [1][-]{section.2}{\376\377\000S\000u\000b\000-\000A\000g\000e\000n\000t\000\040\000S\000p\000e\000c\000i\000f\000i\000c\000a\000t\000i\000o\000n\000s}{}% 2
\BOOKMARK [2][-]{subsection.2.1}{\376\377\000a\000n\000a\000l\000y\000z\000e\000-\000r\000-\000f\000i\000l\000e\000-\000d\000e\000p\000e\000n\000d\000e\000n\000c\000i\000e\000s}{section.2}% 3
\BOOKMARK [2][-]{subsection.2.2}{\376\377\000e\000x\000t\000r\000a\000c\000t\000-\000r\000-\000f\000i\000l\000e\000-\000l\000a\000n\000g\000u\000a\000g\000e\000-\000d\000e\000p\000e\000n\000d\000e\000n\000c\000i\000e\000s}{section.2}% 4
\BOOKMARK [2][-]{subsection.2.3}{\376\377\000g\000e\000n\000e\000r\000a\000t\000e\000-\000l\000a\000n\000g\000u\000a\000g\000e\000-\000d\000e\000p\000e\000n\000d\000e\000n\000c\000y\000-\000c\000o\000n\000v\000e\000r\000s\000i\000o\000n\000-\000g\000u\000i\000d\000e}{section.2}% 5
\BOOKMARK [2][-]{subsection.2.4}{\376\377\000c\000o\000n\000v\000e\000r\000t\000-\000r\000-\000f\000u\000n\000c\000t\000i\000o\000n\000-\000t\000o\000-\000p\000y\000t\000h\000o\000n}{section.2}% 6
\BOOKMARK [2][-]{subsection.2.5}{\376\377\000c\000o\000n\000v\000e\000r\000t\000-\000r\000-\000t\000e\000s\000t\000-\000t\000o\000-\000p\000y\000t\000h\000o\000n}{section.2}% 7
\BOOKMARK [2][-]{subsection.2.6}{\376\377\000g\000e\000n\000e\000r\000a\000t\000e\000-\000p\000y\000t\000h\000o\000n\000-\000f\000u\000n\000c\000t\000i\000o\000n\000-\000t\000e\000s\000t\000s}{section.2}% 8
\BOOKMARK [2][-]{subsection.2.7}{\376\377\000f\000i\000x\000-\000b\000u\000g\000-\000f\000o\000u\000n\000d\000-\000i\000n\000-\000t\000e\000s\000t}{section.2}% 9
\BOOKMARK [2][-]{subsection.2.8}{\376\377\000a\000n\000a\000l\000y\000z\000e\000-\000c\000-\000f\000i\000l\000e\000-\000d\000e\000p\000e\000n\000d\000e\000n\000c\000i\000e\000s\000\040\000\050\000s\000u\000p\000p\000l\000e\000m\000e\000n\000t\000a\000r\000y\000,\000\040\000n\000o\000t\000\040\000y\000e\000t\000\040\000i\000n\000v\000o\000k\000e\000d\000\051}{section.2}% 10
\BOOKMARK [1][-]{section.3}{\376\377\000S\000k\000i\000l\000l\000\040\000S\000p\000e\000c\000i\000f\000i\000c\000a\000t\000i\000o\000n\000s}{}% 11
\BOOKMARK [2][-]{subsection.3.1}{\376\377\000/\000a\000n\000a\000l\000y\000z\000e\000-\000r\000-\000f\000o\000l\000d\000e\000r\000-\000d\000e\000p\000e\000n\000d\000e\000n\000c\000i\000e\000s}{section.3}% 12
\BOOKMARK [2][-]{subsection.3.2}{\376\377\000/\000e\000x\000t\000r\000a\000c\000t\000-\000r\000-\000f\000o\000l\000d\000e\000r\000-\000l\000a\000n\000g\000u\000a\000g\000e\000-\000d\000e\000p\000e\000n\000d\000e\000n\000c\000i\000e\000s}{section.3}% 13
\BOOKMARK [2][-]{subsection.3.3}{\376\377\000/\000g\000e\000n\000e\000r\000a\000t\000e\000-\000l\000a\000n\000g\000u\000a\000g\000e\000-\000d\000e\000p\000e\000n\000d\000e\000n\000c\000y\000-\000c\000o\000n\000v\000e\000r\000s\000i\000o\000n\000-\000g\000u\000i\000d\000e\000s}{section.3}% 14
\BOOKMARK [2][-]{subsection.3.4}{\376\377\000/\000c\000o\000n\000v\000e\000r\000t\000-\000r\000-\000f\000i\000l\000e\000-\000t\000o\000-\000p\000y\000t\000h\000o\000n}{section.3}% 15
\BOOKMARK [2][-]{subsection.3.5}{\376\377\000/\000c\000o\000m\000b\000i\000n\000e\000-\000p\000y\000t\000h\000o\000n\000-\000f\000u\000n\000c\000t\000i\000o\000n\000s\000-\000i\000n\000t\000o\000-\000f\000i\000l\000e}{section.3}% 16
\BOOKMARK [2][-]{subsection.3.6}{\376\377\000/\000c\000o\000n\000v\000e\000r\000t\000-\000r\000-\000t\000e\000s\000t\000s\000-\000t\000o\000-\000p\000y\000t\000h\000o\000n}{section.3}% 17
\BOOKMARK [2][-]{subsection.3.7}{\376\377\000/\000g\000e\000n\000e\000r\000a\000t\000e\000-\000p\000y\000t\000h\000o\000n\000-\000f\000i\000l\000e\000-\000t\000e\000s\000t\000s}{section.3}% 18
\BOOKMARK [2][-]{subsection.3.8}{\376\377\000/\000f\000i\000x\000-\000b\000u\000g\000s\000-\000f\000o\000u\000n\000d\000-\000i\000n\000-\000t\000e\000s\000t\000s}{section.3}% 19
\BOOKMARK [2][-]{subsection.3.9}{\376\377\000/\000s\000u\000m\000m\000a\000r\000i\000z\000e\000-\000r\000e\000s\000e\000a\000r\000c\000h\000-\000r\000e\000p\000o\000r\000t}{section.3}% 20
\BOOKMARK [1][-]{section.4}{\376\377\000L\000a\000n\000g\000u\000a\000g\000e\000\040\000D\000e\000p\000e\000n\000d\000e\000n\000c\000y\000\040\000T\000r\000a\000n\000s\000l\000a\000t\000i\000o\000n\000\040\000N\000u\000a\000n\000c\000e\000s}{}% 21
\BOOKMARK [2][-]{subsection.4.1}{\376\377\000D\000e\000p\000e\000n\000d\000e\000n\000c\000i\000e\000s\000\040\000w\000i\000t\000h\000\040\000N\000o\000n\000-\000T\000r\000i\000v\000i\000a\000l\000\040\000N\000u\000m\000e\000r\000i\000c\000a\000l\000\040\000S\000e\000m\000a\000n\000t\000i\000c\000s}{section.4}% 22
\BOOKMARK [2][-]{subsection.4.2}{\376\377\000D\000e\000p\000e\000n\000d\000e\000n\000c\000i\000e\000s\000\040\000w\000i\000t\000h\000\040\000C\000o\000n\000t\000r\000o\000l\000-\000F\000l\000o\000w\000\040\000o\000r\000\040\000A\000P\000I\000\040\000S\000e\000m\000a\000n\000t\000i\000c\000\040\000D\000i\000f\000f\000e\000r\000e\000n\000c\000e\000s}{section.4}% 23
\BOOKMARK [2][-]{subsection.4.3}{\376\377\000D\000e\000p\000e\000n\000d\000e\000n\000c\000i\000e\000s\000\040\000w\000i\000t\000h\000\040\000D\000i\000r\000e\000c\000t\000\040\000P\000y\000t\000h\000o\000n\000\040\000E\000q\000u\000i\000v\000a\000l\000e\000n\000t\000s}{section.4}% 24
\BOOKMARK [1][-]{section.5}{\376\377\000B\000u\000i\000l\000d\000\040\000S\000y\000s\000t\000e\000m\000\040\000a\000n\000d\000\040\000D\000i\000s\000t\000r\000i\000b\000u\000t\000i\000o\000n\000\040\000C\000o\000n\000f\000i\000g\000u\000r\000a\000t\000i\000o\000n}{}% 25
\BOOKMARK [2][-]{subsection.5.1}{\376\377\000F\000o\000r\000t\000r\000a\000n\000\040\000S\000o\000u\000r\000c\000e\000\040\000I\000n\000v\000e\000n\000t\000o\000r\000y}{section.5}% 26
\BOOKMARK [2][-]{subsection.5.2}{\376\377\000B\000L\000A\000S\000\040\000D\000i\000s\000c\000o\000v\000e\000r\000y\000\040\000C\000h\000a\000i\000n}{section.5}% 27
\BOOKMARK [2][-]{subsection.5.3}{\376\377\000C\000I\000/\000C\000D\000\040\000P\000l\000a\000t\000f\000o\000r\000m\000\040\000C\000o\000v\000e\000r\000a\000g\000e}{section.5}% 28
\BOOKMARK [1][-]{section.6}{\376\377\000f\0002\000p\000y\000\040\000C\000o\000m\000p\000a\000t\000i\000b\000i\000l\000i\000t\000y\000\040\000I\000s\000s\000u\000e\000s\000\040\000a\000n\000d\000\040\000R\000e\000s\000o\000l\000u\000t\000i\000o\000n}{}% 29
\BOOKMARK [2][-]{subsection.6.1}{\376\377\000B\000u\000g\000\040\0001\000:\000\040\000f\0002\000p\000y\000\040\000S\000u\000b\000r\000o\000u\000t\000i\000n\000e\000\040\000R\000e\000t\000u\000r\000n\000\040\000V\000a\000l\000u\000e\000\040\000\050\000P\000h\000a\000s\000e\000\040\0004\000\051}{section.6}% 30
\BOOKMARK [2][-]{subsection.6.2}{\376\377\000B\000u\000g\000\040\0002\000:\000\040\000f\0002\000p\000y\000\040\000A\000b\000s\000o\000r\000b\000e\000d\000\040\000D\000i\000m\000e\000n\000s\000i\000o\000n\000\040\000A\000r\000g\000u\000m\000e\000n\000t\000s\000\040\000\050\000P\000h\000a\000s\000e\000\040\0006\000\051}{section.6}% 31
\BOOKMARK [2][-]{subsection.6.3}{\376\377\000B\000u\000g\000\040\0003\000:\000\040\000b\000l\000k\000e\000s\000t\000\040\000S\000c\000a\000l\000a\000r\000\040\000O\000u\000t\000p\000u\000t\000\040\000I\000n\000t\000e\000n\000t\000\040\000\050\000P\000h\000a\000s\000e\000\040\0007\000\051}{section.6}% 32
\BOOKMARK [1][-]{section.7}{\376\377\000P\000e\000r\000-\000F\000u\000n\000c\000t\000i\000o\000n\000\040\000T\000e\000s\000t\000\040\000C\000o\000v\000e\000r\000a\000g\000e\000\040\000D\000e\000t\000a\000i\000l\000s}{}% 33
\BOOKMARK [2][-]{subsection.7.1}{\376\377\000P\000o\000s\000i\000t\000i\000v\000e\000\040\000T\000e\000s\000t\000\040\000C\000o\000v\000e\000r\000a\000g\000e}{section.7}% 34
\BOOKMARK [2][-]{subsection.7.2}{\376\377\000N\000e\000g\000a\000t\000i\000v\000e\000\040\000T\000e\000s\000t\000\040\000C\000o\000v\000e\000r\000a\000g\000e}{section.7}% 35
\BOOKMARK [2][-]{subsection.7.3}{\376\377\000E\000d\000g\000e\000\040\000T\000e\000s\000t\000\040\000C\000o\000v\000e\000r\000a\000g\000e}{section.7}% 36
\BOOKMARK [2][-]{subsection.7.4}{\376\377\000D\000o\000c\000u\000m\000e\000n\000t\000e\000d\000\040\000B\000e\000h\000a\000v\000i\000o\000u\000r\000a\000l\000\040\000D\000i\000v\000e\000r\000g\000e\000n\000c\000e\000s}{section.7}% 37
