\BOOKMARK [1][-]{section*.2}{\376\377\000A\000b\000s\000t\000r\000a\000c\000t}{}% 1
\BOOKMARK [1][-]{section.1}{\376\377\000I\000n\000t\000r\000o\000d\000u\000c\000t\000i\000o\000n}{}% 2
\BOOKMARK [2][-]{subsection.1.1}{\376\377\000B\000a\000c\000k\000g\000r\000o\000u\000n\000d\000\040\000a\000n\000d\000\040\000M\000o\000t\000i\000v\000a\000t\000i\000o\000n}{section.1}% 3
\BOOKMARK [2][-]{subsection.1.2}{\376\377\000R\000e\000p\000o\000s\000i\000t\000o\000r\000y\000\040\000S\000t\000r\000u\000c\000t\000u\000r\000e}{section.1}% 4
\BOOKMARK [2][-]{subsection.1.3}{\376\377\000A\000u\000t\000o\000m\000a\000t\000e\000d\000\040\000W\000o\000r\000k\000f\000l\000o\000w\000\040\000I\000n\000f\000r\000a\000s\000t\000r\000u\000c\000t\000u\000r\000e}{section.1}% 5
\BOOKMARK [1][-]{section.2}{\376\377\000P\000h\000a\000s\000e\000\040\0001\000:\000\040\000S\000t\000a\000t\000i\000c\000\040\000A\000n\000a\000l\000y\000s\000i\000s\000\040\000o\000f\000\040\000t\000h\000e\000\040\000K\000e\000r\000n\000S\000m\000o\000o\000t\000h\000\040\000R\000\040\000P\000a\000c\000k\000a\000g\000e}{}% 6
\BOOKMARK [2][-]{subsection.2.1}{\376\377\000M\000o\000t\000i\000v\000a\000t\000i\000o\000n}{section.2}% 7
\BOOKMARK [2][-]{subsection.2.2}{\376\377\000R\000\040\000D\000e\000p\000e\000n\000d\000e\000n\000c\000y\000\040\000A\000n\000a\000l\000y\000s\000i\000s}{section.2}% 8
\BOOKMARK [2][-]{subsection.2.3}{\376\377\000A\000r\000c\000h\000i\000t\000e\000c\000t\000u\000r\000e\000\040\000S\000y\000n\000t\000h\000e\000s\000i\000s}{section.2}% 9
\BOOKMARK [2][-]{subsection.2.4}{\376\377\000K\000e\000y\000\040\000F\000i\000n\000d\000i\000n\000g\000s}{section.2}% 10
\BOOKMARK [3][-]{subsubsection.2.4.1}{\376\377\000P\000a\000c\000k\000a\000g\000e\000\040\000S\000c\000o\000p\000e\000\040\000a\000n\000d\000\040\000E\000x\000t\000e\000r\000n\000a\000l\000\040\000D\000e\000p\000e\000n\000d\000e\000n\000c\000i\000e\000s}{subsection.2.4}% 11
\BOOKMARK [3][-]{subsubsection.2.4.2}{\376\377\000F\000u\000n\000c\000t\000i\000o\000n\000\040\000I\000n\000v\000e\000n\000t\000o\000r\000y}{subsection.2.4}% 12
\BOOKMARK [3][-]{subsubsection.2.4.3}{\376\377\000T\000h\000r\000e\000e\000-\000L\000e\000v\000e\000l\000\040\000D\000e\000p\000e\000n\000d\000e\000n\000c\000y\000\040\000H\000i\000e\000r\000a\000r\000c\000h\000y}{subsection.2.4}% 13
\BOOKMARK [3][-]{subsubsection.2.4.4}{\376\377\000F\000o\000r\000t\000r\000a\000n\000\040\000I\000n\000t\000e\000g\000r\000a\000t\000i\000o\000n\000\040\000C\000o\000n\000v\000e\000n\000t\000i\000o\000n}{subsection.2.4}% 14
\BOOKMARK [3][-]{subsubsection.2.4.5}{\376\377\000A\000r\000c\000h\000i\000t\000e\000c\000t\000u\000r\000a\000l\000\040\000D\000e\000s\000i\000g\000n\000:\000\040\000B\000i\000n\000n\000e\000d\000\040\000A\000p\000p\000r\000o\000x\000i\000m\000a\000t\000i\000o\000n}{subsection.2.4}% 15
\BOOKMARK [3][-]{subsubsection.2.4.6}{\376\377\000N\000o\000t\000e\000\040\000o\000n\000\040\000F\000o\000r\000t\000r\000a\000n\000\040\000S\000o\000u\000r\000c\000e\000\040\000A\000n\000a\000l\000y\000s\000i\000s}{subsection.2.4}% 16
\BOOKMARK [1][-]{section.3}{\376\377\000P\000h\000a\000s\000e\000\040\0002\000:\000\040\000E\000s\000t\000a\000b\000l\000i\000s\000h\000i\000n\000g\000\040\000t\000h\000e\000\040\000P\000y\000t\000h\000o\000n\000\040\000B\000u\000i\000l\000d\000\040\000I\000n\000f\000r\000a\000s\000t\000r\000u\000c\000t\000u\000r\000e}{}% 17
\BOOKMARK [2][-]{subsection.3.1}{\376\377\000M\000o\000t\000i\000v\000a\000t\000i\000o\000n}{section.3}% 18
\BOOKMARK [2][-]{subsection.3.2}{\376\377\000B\000u\000i\000l\000d\000\040\000S\000y\000s\000t\000e\000m\000\040\000D\000e\000s\000i\000g\000n}{section.3}% 19
\BOOKMARK [3][-]{subsubsection.3.2.1}{\376\377\000F\000o\000r\000t\000r\000a\000n\000\040\000S\000o\000u\000r\000c\000e\000s}{subsection.3.2}% 20
\BOOKMARK [3][-]{subsubsection.3.2.2}{\376\377\000f\0002\000p\000y\000\040\000W\000r\000a\000p\000p\000e\000r\000\040\000G\000e\000n\000e\000r\000a\000t\000i\000o\000n}{subsection.3.2}% 21
\BOOKMARK [3][-]{subsubsection.3.2.3}{\376\377\000N\000u\000m\000P\000y\000\040\000I\000n\000c\000l\000u\000d\000e\000\040\000D\000i\000r\000e\000c\000t\000o\000r\000i\000e\000s}{subsection.3.2}% 22
\BOOKMARK [3][-]{subsubsection.3.2.4}{\376\377\000B\000L\000A\000S\000\040\000D\000i\000s\000c\000o\000v\000e\000r\000y}{subsection.3.2}% 23
\BOOKMARK [3][-]{subsubsection.3.2.5}{\376\377\000P\000a\000c\000k\000a\000g\000e\000\040\000S\000t\000r\000u\000c\000t\000u\000r\000e}{subsection.3.2}% 24
\BOOKMARK [2][-]{subsection.3.3}{\376\377\000I\000n\000s\000t\000a\000l\000l\000a\000t\000i\000o\000n}{section.3}% 25
\BOOKMARK [2][-]{subsection.3.4}{\376\377\000P\000y\000P\000I\000\040\000D\000i\000s\000t\000r\000i\000b\000u\000t\000i\000o\000n\000\040\000I\000n\000f\000r\000a\000s\000t\000r\000u\000c\000t\000u\000r\000e}{section.3}% 26
\BOOKMARK [3][-]{subsubsection.3.4.1}{\376\377\000G\000i\000t\000H\000u\000b\000\040\000A\000c\000t\000i\000o\000n\000s\000\040\000W\000o\000r\000k\000f\000l\000o\000w}{subsection.3.4}% 27
\BOOKMARK [3][-]{subsubsection.3.4.2}{\376\377\000P\000l\000a\000t\000f\000o\000r\000m\000\040\000C\000o\000v\000e\000r\000a\000g\000e}{subsection.3.4}% 28
\BOOKMARK [3][-]{subsubsection.3.4.3}{\376\377\000C\000o\000v\000e\000r\000a\000g\000e\000\040\000L\000i\000m\000i\000t\000a\000t\000i\000o\000n\000s}{subsection.3.4}% 29
\BOOKMARK [1][-]{section.4}{\376\377\000P\000h\000a\000s\000e\000\040\0003\000:\000\040\000L\000a\000n\000g\000u\000a\000g\000e\000\040\000D\000e\000p\000e\000n\000d\000e\000n\000c\000y\000\040\000C\000a\000t\000a\000l\000o\000g\000u\000e\000\040\000a\000n\000d\000\040\000C\000o\000n\000v\000e\000r\000s\000i\000o\000n\000\040\000G\000u\000i\000d\000e\000s}{}% 30
\BOOKMARK [2][-]{subsection.4.1}{\376\377\000M\000o\000t\000i\000v\000a\000t\000i\000o\000n}{section.4}% 31
\BOOKMARK [2][-]{subsection.4.2}{\376\377\000L\000a\000n\000g\000u\000a\000g\000e\000\040\000D\000e\000p\000e\000n\000d\000e\000n\000c\000y\000\040\000E\000x\000t\000r\000a\000c\000t\000i\000o\000n}{section.4}% 32
\BOOKMARK [2][-]{subsection.4.3}{\376\377\000C\000o\000n\000v\000e\000r\000s\000i\000o\000n\000\040\000G\000u\000i\000d\000e\000\040\000G\000e\000n\000e\000r\000a\000t\000i\000o\000n}{section.4}% 33
\BOOKMARK [2][-]{subsection.4.4}{\376\377\000S\000e\000l\000e\000c\000t\000e\000d\000\040\000T\000r\000a\000n\000s\000l\000a\000t\000i\000o\000n\000\040\000N\000u\000a\000n\000c\000e\000s}{section.4}% 34
\BOOKMARK [3][-]{subsubsection.4.4.1}{\376\377\000F\000F\000T\000\040\000N\000o\000r\000m\000a\000l\000i\000s\000a\000t\000i\000o\000n\000\040\000\050\000f\000f\000t\000.\000m\000d\000\051}{subsection.4.4}% 35
\BOOKMARK [3][-]{subsubsection.4.4.2}{\376\377\000F\000o\000r\000t\000r\000a\000n\000\040\000F\000F\000I\000\040\000T\000y\000p\000e\000\040\000C\000o\000e\000r\000c\000i\000o\000n\000s\000\040\000\050\000a\000s\000.\000d\000o\000u\000b\000l\000e\000.\000m\000d\000,\000\040\000a\000s\000.\000i\000n\000t\000e\000g\000e\000r\000.\000m\000d\000\051}{subsection.4.4}% 36
\BOOKMARK [3][-]{subsubsection.4.4.3}{\376\377\000S\000a\000m\000p\000l\000e\000\040\000V\000a\000r\000i\000a\000n\000c\000e\000\040\000D\000e\000n\000o\000m\000i\000n\000a\000t\000o\000r\000\040\000\050\000v\000a\000r\000.\000m\000d\000\051}{subsection.4.4}% 37
\BOOKMARK [3][-]{subsubsection.4.4.4}{\376\377\000O\000p\000t\000i\000o\000n\000a\000l\000\040\000A\000r\000g\000u\000m\000e\000n\000t\000\040\000D\000e\000t\000e\000c\000t\000i\000o\000n\000\040\000\050\000m\000i\000s\000s\000i\000n\000g\000.\000m\000d\000\051}{subsection.4.4}% 38
\BOOKMARK [3][-]{subsubsection.4.4.5}{\376\377\000N\000e\000g\000a\000t\000i\000v\000e\000-\000B\000a\000s\000e\000\040\000F\000r\000a\000c\000t\000i\000o\000n\000a\000l\000\040\000E\000x\000p\000o\000n\000e\000n\000t\000i\000a\000t\000i\000o\000n\000\040\000\050\000s\000q\000r\000t\000.\000m\000d\000\051}{subsection.4.4}% 39
\BOOKMARK [3][-]{subsubsection.4.4.6}{\376\377\000A\000r\000r\000a\000y\000\040\000M\000e\000m\000o\000r\000y\000\040\000O\000r\000d\000e\000r\000\040\000\050\000m\000a\000t\000r\000i\000x\000.\000m\000d\000\051}{subsection.4.4}% 40
\BOOKMARK [3][-]{subsubsection.4.4.7}{\376\377\000P\000a\000c\000k\000a\000g\000e\000\040\000L\000i\000f\000e\000c\000y\000c\000l\000e\000\040\000H\000o\000o\000k\000s\000\040\000\050\000l\000i\000b\000r\000a\000r\000y\000.\000d\000y\000n\000a\000m\000.\000u\000n\000l\000o\000a\000d\000.\000m\000d\000\051}{subsection.4.4}% 41
\BOOKMARK [3][-]{subsubsection.4.4.8}{\376\377\000P\000a\000r\000t\000i\000a\000l\000\040\000S\000t\000r\000i\000n\000g\000\040\000M\000a\000t\000c\000h\000i\000n\000g\000\040\000\050\000m\000a\000t\000c\000h\000.\000a\000r\000g\000.\000m\000d\000\051}{subsection.4.4}% 42
\BOOKMARK [3][-]{subsubsection.4.4.9}{\376\377\000R\000\040\000s\000w\000i\000t\000c\000h\000\040\000o\000n\000\040\000S\000t\000r\000i\000n\000g\000s\000\040\000\050\000s\000w\000i\000t\000c\000h\000.\000m\000d\000\051}{subsection.4.4}% 43
\BOOKMARK [1][-]{section.5}{\376\377\000P\000h\000a\000s\000e\000\040\0004\000:\000\040\000A\000u\000t\000o\000m\000a\000t\000e\000d\000\040\000F\000u\000n\000c\000t\000i\000o\000n\000\040\000C\000o\000n\000v\000e\000r\000s\000i\000o\000n\000\040\000a\000n\000d\000\040\000P\000a\000c\000k\000a\000g\000e\000\040\000A\000s\000s\000e\000m\000b\000l\000y}{}% 44
\BOOKMARK [2][-]{subsection.5.1}{\376\377\000M\000o\000t\000i\000v\000a\000t\000i\000o\000n}{section.5}% 45
\BOOKMARK [2][-]{subsection.5.2}{\376\377\000F\000u\000n\000c\000t\000i\000o\000n\000\040\000C\000o\000n\000v\000e\000r\000s\000i\000o\000n}{section.5}% 46
\BOOKMARK [3][-]{subsubsection.5.2.1}{\376\377\000N\000o\000t\000a\000b\000l\000e\000\040\000P\000e\000r\000-\000F\000u\000n\000c\000t\000i\000o\000n\000\040\000T\000r\000a\000n\000s\000l\000a\000t\000i\000o\000n\000\040\000D\000e\000c\000i\000s\000i\000o\000n\000s}{subsection.5.2}% 47
\BOOKMARK [2][-]{subsection.5.3}{\376\377\000P\000a\000c\000k\000a\000g\000e\000\040\000A\000s\000s\000e\000m\000b\000l\000y}{section.5}% 48
\BOOKMARK [2][-]{subsection.5.4}{\376\377\000T\000h\000e\000\040\000f\0002\000p\000y\000\040\000R\000e\000t\000u\000r\000n\000-\000V\000a\000l\000u\000e\000\040\000B\000u\000g}{section.5}% 49
\BOOKMARK [3][-]{subsubsection.5.4.1}{\376\377\000O\000b\000s\000e\000r\000v\000e\000d\000\040\000S\000y\000m\000p\000t\000o\000m}{subsection.5.4}% 50
\BOOKMARK [3][-]{subsubsection.5.4.2}{\376\377\000R\000o\000o\000t\000\040\000C\000a\000u\000s\000e\000:\000\040\000R\000\040\000.\000F\000o\000r\000t\000r\000a\000n\000\050\000\051\000\040\000v\000s\000.\000\040\000f\0002\000p\000y\000\040\000S\000e\000m\000a\000n\000t\000i\000c\000s}{subsection.5.4}% 51
\BOOKMARK [3][-]{subsubsection.5.4.3}{\376\377\000F\000o\000r\000t\000r\000a\000n\000\040\000O\000u\000t\000p\000u\000t\000\040\000A\000r\000g\000u\000m\000e\000n\000t\000\040\000A\000u\000d\000i\000t}{subsection.5.4}% 52
\BOOKMARK [3][-]{subsubsection.5.4.4}{\376\377\000P\000a\000t\000c\000h\000e\000s\000\040\000A\000p\000p\000l\000i\000e\000d}{subsection.5.4}% 53
\BOOKMARK [2][-]{subsection.5.5}{\376\377\000O\000u\000t\000p\000u\000t\000\040\000V\000a\000l\000i\000d\000a\000t\000i\000o\000n}{section.5}% 54
\BOOKMARK [1][-]{section.6}{\376\377\000P\000h\000a\000s\000e\000\040\0005\000:\000\040\000C\000o\000d\000e\000\040\000Q\000u\000a\000l\000i\000t\000y\000\040\000A\000u\000d\000i\000t\000\040\000a\000n\000d\000\040\000N\000a\000m\000e\000s\000p\000a\000c\000e\000\040\000R\000e\000f\000i\000n\000e\000m\000e\000n\000t}{}% 55
\BOOKMARK [2][-]{subsection.6.1}{\376\377\000M\000o\000t\000i\000v\000a\000t\000i\000o\000n}{section.6}% 56
\BOOKMARK [2][-]{subsection.6.2}{\376\377\000T\000y\000p\000e\000\040\000A\000n\000n\000o\000t\000a\000t\000i\000o\000n\000\040\000C\000o\000m\000p\000l\000e\000t\000i\000o\000n}{section.6}% 57
\BOOKMARK [2][-]{subsection.6.3}{\376\377\000N\000a\000m\000e\000s\000p\000a\000c\000e\000\040\000P\000r\000i\000v\000a\000c\000y\000\040\000I\000n\000v\000e\000s\000t\000i\000g\000a\000t\000i\000o\000n}{section.6}% 58
\BOOKMARK [2][-]{subsection.6.4}{\376\377\000F\000u\000l\000l\000\040\000C\000o\000d\000e\000\040\000A\000u\000d\000i\000t\000\040\000a\000n\000d\000\040\000S\000y\000s\000t\000e\000m\000a\000t\000i\000c\000\040\000R\000e\000f\000a\000c\000t\000o\000r\000i\000n\000g}{section.6}% 59
\BOOKMARK [3][-]{subsubsection.6.4.1}{\376\377\000D\000e\000a\000d\000\040\000C\000o\000d\000e\000\040\000f\000r\000o\000m\000\040\000R\000\040\000P\000o\000r\000t\000i\000n\000g}{subsection.6.4}% 60
\BOOKMARK [3][-]{subsubsection.6.4.2}{\376\377\000S\000i\000l\000e\000n\000t\000\040\000C\000r\000a\000s\000h\000\040\000B\000u\000g\000\040\000i\000n\000\040\000T\000h\000r\000e\000e\000\040\000P\000u\000b\000l\000i\000c\000\040\000F\000u\000n\000c\000t\000i\000o\000n\000s}{subsection.6.4}% 61
\BOOKMARK [3][-]{subsubsection.6.4.3}{\376\377\000S\000t\000r\000u\000c\000t\000u\000r\000a\000l\000\040\000C\000o\000d\000e\000\040\000D\000u\000p\000l\000i\000c\000a\000t\000i\000o\000n}{subsection.6.4}% 62
\BOOKMARK [3][-]{subsubsection.6.4.4}{\376\377\000P\000E\000P\000\040\0008\000\040\000S\000i\000g\000n\000a\000t\000u\000r\000e\000\040\000R\000e\000f\000o\000r\000m\000a\000t\000t\000i\000n\000g}{subsection.6.4}% 63
\BOOKMARK [2][-]{subsection.6.5}{\376\377\000S\000t\000a\000t\000e\000\040\000o\000f\000\040\000t\000h\000e\000\040\000P\000a\000c\000k\000a\000g\000e\000\040\000A\000f\000t\000e\000r\000\040\000P\000h\000a\000s\000e\000\040\0005}{section.6}% 64
\BOOKMARK [1][-]{section*.4}{\376\377\000A\000p\000p\000e\000n\000d\000i\000c\000e\000s}{}% 65
\BOOKMARK [1][-]{section.1.A}{\376\377\000A\000g\000e\000n\000t\000\040\000S\000p\000e\000c\000i\000f\000i\000c\000a\000t\000i\000o\000n\000s}{}% 66
\BOOKMARK [2][-]{subsection.1.A.1}{\376\377\000A\000g\000e\000n\000t\000s\000\040\000U\000s\000e\000d\000\040\000i\000n\000\040\000P\000h\000a\000s\000e\000\040\0001}{section.1.A}% 67
\BOOKMARK [3][-]{section*.6}{\376\377\000a\000n\000a\000l\000y\000z\000e\000-\000r\000-\000f\000i\000l\000e\000-\000d\000e\000p\000e\000n\000d\000e\000n\000c\000i\000e\000s}{subsection.1.A.1}% 68
\BOOKMARK [2][-]{subsection.1.A.2}{\376\377\000A\000g\000e\000n\000t\000s\000\040\000U\000s\000e\000d\000\040\000i\000n\000\040\000P\000h\000a\000s\000e\000\040\0003}{section.1.A}% 69
\BOOKMARK [3][-]{section*.8}{\376\377\000e\000x\000t\000r\000a\000c\000t\000-\000r\000-\000f\000i\000l\000e\000-\000l\000a\000n\000g\000u\000a\000g\000e\000-\000d\000e\000p\000e\000n\000d\000e\000n\000c\000i\000e\000s}{subsection.1.A.2}% 70
\BOOKMARK [3][-]{section*.10}{\376\377\000g\000e\000n\000e\000r\000a\000t\000e\000-\000l\000a\000n\000g\000u\000a\000g\000e\000-\000d\000e\000p\000e\000n\000d\000e\000n\000c\000y\000-\000c\000o\000n\000v\000e\000r\000s\000i\000o\000n\000-\000g\000u\000i\000d\000e}{subsection.1.A.2}% 71
\BOOKMARK [2][-]{subsection.1.A.3}{\376\377\000A\000g\000e\000n\000t\000s\000\040\000U\000s\000e\000d\000\040\000i\000n\000\040\000P\000h\000a\000s\000e\000\040\0004}{section.1.A}% 72
\BOOKMARK [3][-]{section*.12}{\376\377\000c\000o\000n\000v\000e\000r\000t\000-\000r\000-\000f\000u\000n\000c\000t\000i\000o\000n\000-\000t\000o\000-\000p\000y\000t\000h\000o\000n}{subsection.1.A.3}% 73
\BOOKMARK [2][-]{subsection.1.A.4}{\376\377\000S\000u\000p\000p\000l\000e\000m\000e\000n\000t\000a\000r\000y\000\040\000A\000g\000e\000n\000t}{section.1.A}% 74
\BOOKMARK [3][-]{section*.14}{\376\377\000a\000n\000a\000l\000y\000z\000e\000-\000c\000-\000f\000i\000l\000e\000-\000d\000e\000p\000e\000n\000d\000e\000n\000c\000i\000e\000s}{subsection.1.A.4}% 75
\BOOKMARK [1][-]{section.1.B}{\376\377\000S\000k\000i\000l\000l\000\040\000\050\000C\000o\000m\000m\000a\000n\000d\000\051\000\040\000S\000p\000e\000c\000i\000f\000i\000c\000a\000t\000i\000o\000n\000s}{}% 76
\BOOKMARK [2][-]{subsection.1.B.1}{\376\377\000S\000k\000i\000l\000l\000s\000\040\000U\000s\000e\000d\000\040\000i\000n\000\040\000P\000h\000a\000s\000e\000\040\0001}{section.1.B}% 77
\BOOKMARK [3][-]{section*.16}{\376\377\000a\000n\000a\000l\000y\000z\000e\000-\000r\000-\000f\000o\000l\000d\000e\000r\000-\000d\000e\000p\000e\000n\000d\000e\000n\000c\000i\000e\000s}{subsection.1.B.1}% 78
\BOOKMARK [2][-]{subsection.1.B.2}{\376\377\000S\000k\000i\000l\000l\000s\000\040\000U\000s\000e\000d\000\040\000i\000n\000\040\000P\000h\000a\000s\000e\000\040\0003}{section.1.B}% 79
\BOOKMARK [3][-]{section*.18}{\376\377\000e\000x\000t\000r\000a\000c\000t\000-\000r\000-\000f\000o\000l\000d\000e\000r\000-\000l\000a\000n\000g\000u\000a\000g\000e\000-\000d\000e\000p\000e\000n\000d\000e\000n\000c\000i\000e\000s}{subsection.1.B.2}% 80
\BOOKMARK [3][-]{section*.20}{\376\377\000g\000e\000n\000e\000r\000a\000t\000e\000-\000l\000a\000n\000g\000u\000a\000g\000e\000-\000d\000e\000p\000e\000n\000d\000e\000n\000c\000y\000-\000c\000o\000n\000v\000e\000r\000s\000i\000o\000n\000-\000g\000u\000i\000d\000e\000s}{subsection.1.B.2}% 81
\BOOKMARK [2][-]{subsection.1.B.3}{\376\377\000S\000k\000i\000l\000l\000s\000\040\000U\000s\000e\000d\000\040\000i\000n\000\040\000P\000h\000a\000s\000e\000\040\0004}{section.1.B}% 82
\BOOKMARK [3][-]{section*.22}{\376\377\000c\000o\000n\000v\000e\000r\000t\000-\000r\000-\000f\000i\000l\000e\000-\000t\000o\000-\000p\000y\000t\000h\000o\000n}{subsection.1.B.3}% 83
\BOOKMARK [3][-]{section*.24}{\376\377\000c\000o\000m\000b\000i\000n\000e\000-\000p\000y\000t\000h\000o\000n\000-\000f\000u\000n\000c\000t\000i\000o\000n\000s\000-\000i\000n\000t\000o\000-\000f\000i\000l\000e}{subsection.1.B.3}% 84
\BOOKMARK [2][-]{subsection.1.B.4}{\376\377\000W\000o\000r\000k\000f\000l\000o\000w\000\040\000U\000t\000i\000l\000i\000t\000y}{section.1.B}% 85
\BOOKMARK [3][-]{section*.26}{\376\377\000s\000u\000m\000m\000a\000r\000i\000z\000e\000-\000r\000e\000s\000e\000a\000r\000c\000h\000-\000r\000e\000p\000o\000r\000t}{subsection.1.B.4}% 86
